 PS C:\MinGW\bin\git\professorjs> ls -Force


    Directory: C:\MinGW\bin\git\professorjs


Mode                 LastWriteTime         Length Name
----                 -------------         ------ ----
d--h--         9/26/2025  11:24 AM                .git
-a----         9/26/2025  11:24 AM             15 README.md

PS C:\MinGW\bin\git> cd professorjs
PS C:\MinGW\bin\git\professorjs> git status
On branch main
Your branch is up to date with 'origin/main'.

nothing to commit, working tree clean
nothing to commit, working tree clean
PS C:\MinGW\bin\git\professorjs> git add com.txt
PS C:\MinGW\bin\git\professorjs> git ststus
git: 'ststus' is not a git command. See 'git --help'.

The most similar command is
        status
PS C:\MinGW\bin\git\professorjs> git status

Changes to be committed:
  (use "git restore --staged <file>..." to unstage)
        new file:   com.txt

Changes not staged for commit:
  (use "git add <file>..." to update what will be committed)
  (use "git restore <file>..." to discard changes in working directory)
        modified:   README.md



PS C:\MinGW\bin\git\professorjs> git add .\README.md
PS C:\MinGW\bin\git\professorjs> git status


On branch main
Your branch is up to date with 'origin/main'.

Changes to be committed:
  (use "git restore --staged <file>..." to unstage)
        modified:   README.md
        new file:   com.txt


PS C:\MinGW\bin\git\professorjs>

PS C:\MinGW\bin\git\professorjs> git commit -m "terminal commands"


[main bb74b0c] terminal commands
 2 files changed, 47 insertions(+), 1 deletion(-)
 create mode 100644 com.txt
PS C:\MinGW\bin\git\professorjs> git status
On branch main
Your branch is ahead of 'origin/main' by 1 commit.
  (use "git push" to publish your local commits)

nothing to commit, working tree clean
PS C:\MinGW\bin\git\professorjs>




PS C:\MinGW\bin\git\professorjs> git push origin main 


info: please complete authentication in your browser...
Enumerating objects: 6, done.
Counting objects: 100% (6/6), done.
Delta compression using up to 8 threads
Compressing objects: 100% (3/3), done.
Writing objects: 100% (4/4), 754 bytes | 251.00 KiB/s, done.
Total 4 (delta 0), reused 0 (delta 0), pack-reused 0 (from 0)
To https://github.com/PrProfessor/professorjs.git
   cad29af..bb74b0c  main -> main